// Jest Snapshot v1, https://goo.gl/fbAQLP

exports[`Pruebas en <SearchScreen /> debe de mostrar a Batman y el input con el valor del queryString 1`] = `
<div>
  <h1>
    SearchScreen
  </h1>
  <hr />
  <div
    className="row"
  >
    <div
      className="col-5"
    >
      <h4>
        Search Form
      </h4>
      <hr />
      <form
        className="d-grid gap-2"
        onSubmit={[Function]}
      >
        <input
          autoComplete="off"
          className="form-control mt-2"
          name="searchText"
          onChange={[Function]}
          placeholder="Find your hero"
          type="text"
          value="batman"
        />
        <button
          className="btn btn-outline-primary mt-2"
          type="submit"
        >
          Search...
        </button>
      </form>
    </div>
    <div
      className="col-7"
    >
      <h4>
        Results
      </h4>
      <hr />
      <div
        className="d-flex justify-content-between flex-wrap animate__animated animate__fadeIn"
      >
        <a
          className="my-card"
          href="/hero/dc-batman"
          onClick={[Function]}
        >
          <img
            alt="Batman"
            className="img img-responsive"
            src="./assets/heroes/dc-batman.jpg"
          />
          <div
            className="profile-name"
          >
            Batman
          </div>
          <div
            className="profile-position"
          >
            Bruce Wayne
          </div>
          <div
            className="profile-overview"
          >
            <div
              className="row"
            >
              <div
                className="col-ms-4"
              >
                <div
                  className="card-body"
                >
                  <h3>
                    DC Comics
                  </h3>
                  <p>
                    Primera aparici√≥n: 
                    <br />
                    Detective Comics #27
                  </p>
                </div>
              </div>
            </div>
          </div>
        </a>
      </div>
    </div>
  </div>
</div>
`;

exports[`Pruebas en <SearchScreen /> debe de mostrar un error si no se encuentra el Hero 1`] = `
<div>
  <h1>
    SearchScreen
  </h1>
  <hr />
  <div
    className="row"
  >
    <div
      className="col-5"
    >
      <h4>
        Search Form
      </h4>
      <hr />
      <form
        className="d-grid gap-2"
        onSubmit={[Function]}
      >
        <input
          autoComplete="off"
          className="form-control mt-2"
          name="searchText"
          onChange={[Function]}
          placeholder="Find your hero"
          type="text"
          value="batman123"
        />
        <button
          className="btn btn-outline-primary mt-2"
          type="submit"
        >
          Search...
        </button>
      </form>
    </div>
    <div
      className="col-7"
    >
      <h4>
        Results
      </h4>
      <hr />
      <div
        className="alert alert-danger"
      >
        There is no a hero with 
        batman123
      </div>
      <div
        className="d-flex justify-content-between flex-wrap animate__animated animate__fadeIn"
      />
    </div>
  </div>
</div>
`;

exports[`Pruebas en <SearchScreen /> debe de mostrarse correctamente con valores por defecto 1`] = `
<div>
  <h1>
    SearchScreen
  </h1>
  <hr />
  <div
    className="row"
  >
    <div
      className="col-5"
    >
      <h4>
        Search Form
      </h4>
      <hr />
      <form
        className="d-grid gap-2"
        onSubmit={[Function]}
      >
        <input
          autoComplete="off"
          className="form-control mt-2"
          name="searchText"
          onChange={[Function]}
          placeholder="Find your hero"
          type="text"
          value=""
        />
        <button
          className="btn btn-outline-primary mt-2"
          type="submit"
        >
          Search...
        </button>
      </form>
    </div>
    <div
      className="col-7"
    >
      <h4>
        Results
      </h4>
      <hr />
      <div
        className="alert alert-info"
      >
        Search a hero
      </div>
      <div
        className="d-flex justify-content-between flex-wrap animate__animated animate__fadeIn"
      />
    </div>
  </div>
</div>
`;
